../Core/Src/main.c:103:5:main	8	static
../Core/Src/main.c:153:6:SystemClock_Config	88	static
../Core/Src/main.c:200:13:MX_ADC1_Init	56	static
../Core/Src/main.c:268:13:MX_DAC1_Init	56	static
../Core/Src/main.c:315:13:MX_LPUART1_UART_Init	8	static
../Core/Src/main.c:362:13:MX_GPIO_Init	48	static
../Core/Src/main.c:399:6:ADC_Read_blocking	8	static
../Core/Src/main.c:422:6:DAC_Update	8	static
../Core/Src/main.c:449:6:HAL_GPIO_EXTI_Callback	16	static
../Core/Src/main.c:469:6:Error_Handler	4	static,ignoring_inline_asm
